// Jest Snapshot v1, https://goo.gl/fbAQLP

exports[`getCoverageDetailsTable should return formatted table 1`] = `
"File                | % Stmts | % Branch | % Funcs | % Lines | Uncovered Line #s      
---|--:|---:|--:|--:|---
All files           |   \`25.51\` |    \`18.51\` |   \`16.66\` |   \`21.25\` |                        
── src                |       \`0.00\` |        \`0.00\` |       \`0.00\` |       \`0.00\` |                        
──── index.ts          |       \`0.00\` |        \`0.00\` |       \`0.00\` |       \`0.00\` | \`1-34\`                   
──── run3.ts           |       \`0.00\` |        \`0.00\` |       \`0.00\` |       \`0.00\` | \`1-33\`                   
── src/steps          |   \`23.94\` |        \`0.00\` |      \`40.00\` |   \`21.53\` |                        
──── merge-coverage.ts |   \`36.95\` |        \`0.00\` |   \`66.66\` |   \`33.33\` | \`21-24\`,\`33-60\`,\`67-85\`      
──── run-tests.ts      |       \`0.00\` |        \`0.00\` |       \`0.00\` |       \`0.00\` | \`1-42\`                   
── src/utils          |   \`48.78\` |     \`62.50\` |      \`10.00\` |   \`41.93\` |                        
──── index.ts          |   \`48.78\` |     \`62.50\` |      \`10.00\` |   \`41.93\` | \`7\`,\`11\`,\`21-36\`,\`40-43\`,\`47\`,\`51\` "
`;
